Archive member included to satisfy reference by file (symbol)

/usr/lib/gcc/avr/11.3.0/avr6/libgcc.a(_exit.o)
                              /usr/lib/gcc/avr/11.3.0/../../../../avr/lib/avr6/crtatmega2560.o (exit)
/usr/lib/gcc/avr/11.3.0/avr6/libgcc.a(_copy_data.o)
                              keypad.o (__do_copy_data)
/usr/lib/gcc/avr/11.3.0/../../../../avr/lib/avr6/libc.a(itoa_ncheck.o)
                              main.o (__itoa_ncheck)
/usr/lib/gcc/avr/11.3.0/../../../../avr/lib/avr6/libc.a(utoa_ncheck.o)
                              /usr/lib/gcc/avr/11.3.0/../../../../avr/lib/avr6/libc.a(itoa_ncheck.o) (__utoa_common)
/usr/lib/gcc/avr/11.3.0/../../../../avr/lib/avr6/libc.a(iob.o)
                              main.o (__iob)
/usr/lib/gcc/avr/11.3.0/../../../../avr/lib/avr6/libc.a(printf.o)
                              main.o (printf)
/usr/lib/gcc/avr/11.3.0/../../../../avr/lib/avr6/libc.a(putchar.o)
                              main.o (putchar)
/usr/lib/gcc/avr/11.3.0/../../../../avr/lib/avr6/libc.a(puts.o)
                              main.o (puts)
/usr/lib/gcc/avr/11.3.0/../../../../avr/lib/avr6/libc.a(vfprintf_std.o)
                              /usr/lib/gcc/avr/11.3.0/../../../../avr/lib/avr6/libc.a(printf.o) (vfprintf)
/usr/lib/gcc/avr/11.3.0/../../../../avr/lib/avr6/libc.a(strnlen_P.o)
                              /usr/lib/gcc/avr/11.3.0/../../../../avr/lib/avr6/libc.a(vfprintf_std.o) (strnlen_P)
/usr/lib/gcc/avr/11.3.0/../../../../avr/lib/avr6/libc.a(strnlen.o)
                              /usr/lib/gcc/avr/11.3.0/../../../../avr/lib/avr6/libc.a(vfprintf_std.o) (strnlen)
/usr/lib/gcc/avr/11.3.0/../../../../avr/lib/avr6/libc.a(strrev.o)
                              /usr/lib/gcc/avr/11.3.0/../../../../avr/lib/avr6/libc.a(utoa_ncheck.o) (strrev)
/usr/lib/gcc/avr/11.3.0/../../../../avr/lib/avr6/libc.a(fputc.o)
                              /usr/lib/gcc/avr/11.3.0/../../../../avr/lib/avr6/libc.a(putchar.o) (fputc)
/usr/lib/gcc/avr/11.3.0/../../../../avr/lib/avr6/libc.a(ultoa_invert.o)
                              /usr/lib/gcc/avr/11.3.0/../../../../avr/lib/avr6/libc.a(vfprintf_std.o) (__ultoa_invert)
/usr/lib/gcc/avr/11.3.0/avr6/libgcc.a(_clear_bss.o)
                              /usr/lib/gcc/avr/11.3.0/../../../../avr/lib/avr6/libc.a(iob.o) (__do_clear_bss)

Memory Configuration

Name             Origin             Length             Attributes
text             0x0000000000000000 0x0000000000100000 xr
data             0x0000000000800200 0x000000000000fe00 rw !x
eeprom           0x0000000000810000 0x0000000000010000 rw !x
fuse             0x0000000000820000 0x0000000000000003 rw !x
lock             0x0000000000830000 0x0000000000000400 rw !x
signature        0x0000000000840000 0x0000000000000400 rw !x
user_signatures  0x0000000000850000 0x0000000000000400 rw !x
*default*        0x0000000000000000 0xffffffffffffffff

Linker script and memory map

Address of section .data set to 0x800200
LOAD /usr/lib/gcc/avr/11.3.0/../../../../avr/lib/avr6/crtatmega2560.o
LOAD delay.o
LOAD keypad.o
LOAD main.o
LOAD megalcd.o
START GROUP
LOAD /usr/lib/gcc/avr/11.3.0/avr6/libgcc.a
LOAD /usr/lib/gcc/avr/11.3.0/../../../../avr/lib/avr6/libm.a
LOAD /usr/lib/gcc/avr/11.3.0/../../../../avr/lib/avr6/libc.a
LOAD /usr/lib/gcc/avr/11.3.0/../../../../avr/lib/avr6/libatmega2560.a
END GROUP
                0x0000000000100000                __TEXT_REGION_LENGTH__ = DEFINED (__TEXT_REGION_LENGTH__)?__TEXT_REGION_LENGTH__:0x100000
                0x000000000000fe00                __DATA_REGION_LENGTH__ = DEFINED (__DATA_REGION_LENGTH__)?__DATA_REGION_LENGTH__:0xfe00
                0x0000000000010000                __EEPROM_REGION_LENGTH__ = DEFINED (__EEPROM_REGION_LENGTH__)?__EEPROM_REGION_LENGTH__:0x10000
                [0x0000000000000003]                __FUSE_REGION_LENGTH__ = DEFINED (__FUSE_REGION_LENGTH__)?__FUSE_REGION_LENGTH__:0x400
                0x0000000000000400                __LOCK_REGION_LENGTH__ = DEFINED (__LOCK_REGION_LENGTH__)?__LOCK_REGION_LENGTH__:0x400
                0x0000000000000400                __SIGNATURE_REGION_LENGTH__ = DEFINED (__SIGNATURE_REGION_LENGTH__)?__SIGNATURE_REGION_LENGTH__:0x400
                0x0000000000000400                __USER_SIGNATURE_REGION_LENGTH__ = DEFINED (__USER_SIGNATURE_REGION_LENGTH__)?__USER_SIGNATURE_REGION_LENGTH__:0x400

.hash
 *(.hash)

.dynsym
 *(.dynsym)

.dynstr
 *(.dynstr)

.gnu.version
 *(.gnu.version)

.gnu.version_d
 *(.gnu.version_d)

.gnu.version_r
 *(.gnu.version_r)

.rel.init
 *(.rel.init)

.rela.init
 *(.rela.init)

.rel.text
 *(.rel.text)
 *(.rel.text.*)
 *(.rel.gnu.linkonce.t*)

.rela.text
 *(.rela.text)
 *(.rela.text.*)
 *(.rela.gnu.linkonce.t*)

.rel.fini
 *(.rel.fini)

.rela.fini
 *(.rela.fini)

.rel.rodata
 *(.rel.rodata)
 *(.rel.rodata.*)
 *(.rel.gnu.linkonce.r*)

.rela.rodata
 *(.rela.rodata)
 *(.rela.rodata.*)
 *(.rela.gnu.linkonce.r*)

.rel.data
 *(.rel.data)
 *(.rel.data.*)
 *(.rel.gnu.linkonce.d*)

.rela.data
 *(.rela.data)
 *(.rela.data.*)
 *(.rela.gnu.linkonce.d*)

.rel.ctors
 *(.rel.ctors)

.rela.ctors
 *(.rela.ctors)

.rel.dtors
 *(.rel.dtors)

.rela.dtors
 *(.rela.dtors)

.rel.got
 *(.rel.got)

.rela.got
 *(.rela.got)

.rel.bss
 *(.rel.bss)

.rela.bss
 *(.rela.bss)

.rel.plt
 *(.rel.plt)

.rela.plt
 *(.rela.plt)

.text           0x0000000000000000      0xc54
 *(.vectors)
 .vectors       0x0000000000000000       0xe4 /usr/lib/gcc/avr/11.3.0/../../../../avr/lib/avr6/crtatmega2560.o
                0x0000000000000000                __vectors
                0x0000000000000000                __vector_default
 *(.vectors)
 *(.progmem.gcc*)
                0x00000000000000e4                . = ALIGN (0x2)
                0x00000000000000e4                __trampolines_start = .
 *(.trampolines)
 .trampolines   0x00000000000000e4        0x8 linker stubs
 *(.trampolines*)
                0x00000000000000ec                __trampolines_end = .
 *libprintf_flt.a:*(.progmem.data)
 *libc.a:*(.progmem.data)
 *(.progmem.*)
                0x00000000000000ec                . = ALIGN (0x2)
 *(.lowtext)
 *(.lowtext*)
                0x00000000000000ec                __ctors_start = .
 *(.ctors)
                0x00000000000000ec                __ctors_end = .
                0x00000000000000ec                __dtors_start = .
 *(.dtors)
                0x00000000000000ec                __dtors_end = .
 SORT_BY_NAME(*)(.ctors)
 SORT_BY_NAME(*)(.dtors)
 *(.init0)
 .init0         0x00000000000000ec        0x0 /usr/lib/gcc/avr/11.3.0/../../../../avr/lib/avr6/crtatmega2560.o
                0x00000000000000ec                __init
 *(.init0)
 *(.init1)
 *(.init1)
 *(.init2)
 .init2         0x00000000000000ec       0x10 /usr/lib/gcc/avr/11.3.0/../../../../avr/lib/avr6/crtatmega2560.o
 *(.init2)
 *(.init3)
 *(.init3)
 *(.init4)
 .init4         0x00000000000000fc       0x1a /usr/lib/gcc/avr/11.3.0/avr6/libgcc.a(_copy_data.o)
                0x00000000000000fc                __do_copy_data
 .init4         0x0000000000000116       0x10 /usr/lib/gcc/avr/11.3.0/avr6/libgcc.a(_clear_bss.o)
                0x0000000000000116                __do_clear_bss
 *(.init4)
 *(.init5)
 *(.init5)
 *(.init6)
 *(.init6)
 *(.init7)
 *(.init7)
 *(.init8)
 *(.init8)
 *(.init9)
 .init9         0x0000000000000126        0x8 /usr/lib/gcc/avr/11.3.0/../../../../avr/lib/avr6/crtatmega2560.o
 *(.init9)
 *(.text)
 .text          0x000000000000012e        0x4 /usr/lib/gcc/avr/11.3.0/../../../../avr/lib/avr6/crtatmega2560.o
                0x000000000000012e                __vector_38
                0x000000000000012e                __vector_22
                0x000000000000012e                __vector_28
                0x000000000000012e                __vector_1
                0x000000000000012e                __vector_32
                0x000000000000012e                __vector_34
                0x000000000000012e                __vector_24
                0x000000000000012e                __vector_12
                0x000000000000012e                __vector_55
                0x000000000000012e                __vector_46
                0x000000000000012e                __bad_interrupt
                0x000000000000012e                __vector_6
                0x000000000000012e                __vector_31
                0x000000000000012e                __vector_35
                0x000000000000012e                __vector_39
                0x000000000000012e                __vector_3
                0x000000000000012e                __vector_23
                0x000000000000012e                __vector_30
                0x000000000000012e                __vector_45
                0x000000000000012e                __vector_25
                0x000000000000012e                __vector_11
                0x000000000000012e                __vector_54
                0x000000000000012e                __vector_13
                0x000000000000012e                __vector_17
                0x000000000000012e                __vector_19
                0x000000000000012e                __vector_56
                0x000000000000012e                __vector_7
                0x000000000000012e                __vector_49
                0x000000000000012e                __vector_41
                0x000000000000012e                __vector_43
                0x000000000000012e                __vector_27
                0x000000000000012e                __vector_5
                0x000000000000012e                __vector_33
                0x000000000000012e                __vector_47
                0x000000000000012e                __vector_52
                0x000000000000012e                __vector_37
                0x000000000000012e                __vector_4
                0x000000000000012e                __vector_44
                0x000000000000012e                __vector_51
                0x000000000000012e                __vector_9
                0x000000000000012e                __vector_2
                0x000000000000012e                __vector_21
                0x000000000000012e                __vector_15
                0x000000000000012e                __vector_36
                0x000000000000012e                __vector_29
                0x000000000000012e                __vector_40
                0x000000000000012e                __vector_8
                0x000000000000012e                __vector_26
                0x000000000000012e                __vector_48
                0x000000000000012e                __vector_14
                0x000000000000012e                __vector_53
                0x000000000000012e                __vector_10
                0x000000000000012e                __vector_50
                0x000000000000012e                __vector_16
                0x000000000000012e                __vector_18
                0x000000000000012e                __vector_20
                0x000000000000012e                __vector_42
 .text          0x0000000000000132       0x22 delay.o
                0x0000000000000132                DELAY_sec
 .text          0x0000000000000154       0xb2 keypad.o
                0x0000000000000154                KEYPAD_Init
                0x000000000000015c                KEYPAD_WaitForKeyRelease
                0x0000000000000188                KEYPAD_WaitForKeyPress
                0x00000000000001b4                KEYPAD_GetKey
 .text          0x0000000000000206       0x1c main.o
 .text          0x0000000000000222      0x250 megalcd.o
                0x000000000000033c                lcd_command
                0x000000000000034e                lcd_data
                0x0000000000000360                lcd_gotoxy
                0x000000000000036e                lcd_getxy
                0x0000000000000376                lcd_clrscr
                0x000000000000037c                lcd_home
                0x0000000000000382                lcd_putc
                0x00000000000003b2                lcd_puts
                0x00000000000003cc                lcd_puts_p
                0x00000000000003e8                lcd_init
 .text          0x0000000000000472        0x0 /usr/lib/gcc/avr/11.3.0/avr6/libgcc.a(_exit.o)
 .text          0x0000000000000472        0x0 /usr/lib/gcc/avr/11.3.0/avr6/libgcc.a(_copy_data.o)
 .text          0x0000000000000472        0x0 /usr/lib/gcc/avr/11.3.0/../../../../avr/lib/avr6/libc.a(itoa_ncheck.o)
 .text          0x0000000000000472        0x0 /usr/lib/gcc/avr/11.3.0/../../../../avr/lib/avr6/libc.a(utoa_ncheck.o)
 .text          0x0000000000000472        0x0 /usr/lib/gcc/avr/11.3.0/../../../../avr/lib/avr6/libc.a(iob.o)
 .text          0x0000000000000472        0x0 /usr/lib/gcc/avr/11.3.0/../../../../avr/lib/avr6/libc.a(printf.o)
 .text          0x0000000000000472        0x0 /usr/lib/gcc/avr/11.3.0/../../../../avr/lib/avr6/libc.a(putchar.o)
 .text          0x0000000000000472        0x0 /usr/lib/gcc/avr/11.3.0/../../../../avr/lib/avr6/libc.a(puts.o)
 .text          0x0000000000000472        0x0 /usr/lib/gcc/avr/11.3.0/../../../../avr/lib/avr6/libc.a(vfprintf_std.o)
 .text          0x0000000000000472        0x0 /usr/lib/gcc/avr/11.3.0/../../../../avr/lib/avr6/libc.a(strnlen_P.o)
 .text          0x0000000000000472        0x0 /usr/lib/gcc/avr/11.3.0/../../../../avr/lib/avr6/libc.a(strnlen.o)
 .text          0x0000000000000472        0x0 /usr/lib/gcc/avr/11.3.0/../../../../avr/lib/avr6/libc.a(strrev.o)
 .text          0x0000000000000472        0x0 /usr/lib/gcc/avr/11.3.0/../../../../avr/lib/avr6/libc.a(fputc.o)
 .text          0x0000000000000472        0x0 /usr/lib/gcc/avr/11.3.0/../../../../avr/lib/avr6/libc.a(ultoa_invert.o)
 .text          0x0000000000000472        0x0 /usr/lib/gcc/avr/11.3.0/avr6/libgcc.a(_clear_bss.o)
                0x0000000000000472                . = ALIGN (0x2)
 *(.text.*)
 .text.startup  0x0000000000000472      0x1ac main.o
                0x0000000000000472                main
 .text.libgcc.mul
                0x000000000000061e        0x0 /usr/lib/gcc/avr/11.3.0/avr6/libgcc.a(_exit.o)
 .text.libgcc.div
                0x000000000000061e        0x0 /usr/lib/gcc/avr/11.3.0/avr6/libgcc.a(_exit.o)
 .text.libgcc   0x000000000000061e        0x0 /usr/lib/gcc/avr/11.3.0/avr6/libgcc.a(_exit.o)
 .text.libgcc.prologue
                0x000000000000061e        0x0 /usr/lib/gcc/avr/11.3.0/avr6/libgcc.a(_exit.o)
 .text.libgcc.builtins
                0x000000000000061e        0x0 /usr/lib/gcc/avr/11.3.0/avr6/libgcc.a(_exit.o)
 .text.libgcc.fmul
                0x000000000000061e        0x0 /usr/lib/gcc/avr/11.3.0/avr6/libgcc.a(_exit.o)
 .text.libgcc.fixed
                0x000000000000061e        0x0 /usr/lib/gcc/avr/11.3.0/avr6/libgcc.a(_exit.o)
 .text.libgcc.mul
                0x000000000000061e        0x0 /usr/lib/gcc/avr/11.3.0/avr6/libgcc.a(_copy_data.o)
 .text.libgcc.div
                0x000000000000061e        0x0 /usr/lib/gcc/avr/11.3.0/avr6/libgcc.a(_copy_data.o)
 .text.libgcc   0x000000000000061e        0x0 /usr/lib/gcc/avr/11.3.0/avr6/libgcc.a(_copy_data.o)
 .text.libgcc.prologue
                0x000000000000061e        0x0 /usr/lib/gcc/avr/11.3.0/avr6/libgcc.a(_copy_data.o)
 .text.libgcc.builtins
                0x000000000000061e        0x0 /usr/lib/gcc/avr/11.3.0/avr6/libgcc.a(_copy_data.o)
 .text.libgcc.fmul
                0x000000000000061e        0x0 /usr/lib/gcc/avr/11.3.0/avr6/libgcc.a(_copy_data.o)
 .text.libgcc.fixed
                0x000000000000061e        0x0 /usr/lib/gcc/avr/11.3.0/avr6/libgcc.a(_copy_data.o)
 .text.avr-libc
                0x000000000000061e       0x16 /usr/lib/gcc/avr/11.3.0/../../../../avr/lib/avr6/libc.a(itoa_ncheck.o)
                0x000000000000061e                __itoa_ncheck
 .text.avr-libc
                0x0000000000000634       0x34 /usr/lib/gcc/avr/11.3.0/../../../../avr/lib/avr6/libc.a(utoa_ncheck.o)
                0x0000000000000634                __utoa_ncheck
                0x0000000000000636                __utoa_common
 .text.avr-libc
                0x0000000000000668       0x24 /usr/lib/gcc/avr/11.3.0/../../../../avr/lib/avr6/libc.a(printf.o)
                0x0000000000000668                printf
 .text.avr-libc
                0x000000000000068c        0xc /usr/lib/gcc/avr/11.3.0/../../../../avr/lib/avr6/libc.a(putchar.o)
                0x000000000000068c                putchar
 .text.avr-libc
                0x0000000000000698       0x58 /usr/lib/gcc/avr/11.3.0/../../../../avr/lib/avr6/libc.a(puts.o)
                0x0000000000000698                puts
 .text.avr-libc
                0x00000000000006f0      0x3f8 /usr/lib/gcc/avr/11.3.0/../../../../avr/lib/avr6/libc.a(vfprintf_std.o)
                0x00000000000006f0                vfprintf
 .text.avr-libc
                0x0000000000000ae8       0x16 /usr/lib/gcc/avr/11.3.0/../../../../avr/lib/avr6/libc.a(strnlen_P.o)
                0x0000000000000ae8                strnlen_P
 .text.avr-libc
                0x0000000000000afe       0x16 /usr/lib/gcc/avr/11.3.0/../../../../avr/lib/avr6/libc.a(strnlen.o)
                0x0000000000000afe                strnlen
 .text.avr-libc
                0x0000000000000b14       0x20 /usr/lib/gcc/avr/11.3.0/../../../../avr/lib/avr6/libc.a(strrev.o)
                0x0000000000000b14                strrev
 .text.avr-libc
                0x0000000000000b34       0x60 /usr/lib/gcc/avr/11.3.0/../../../../avr/lib/avr6/libc.a(fputc.o)
                0x0000000000000b34                fputc
 .text.avr-libc
                0x0000000000000b94       0xbc /usr/lib/gcc/avr/11.3.0/../../../../avr/lib/avr6/libc.a(ultoa_invert.o)
                0x0000000000000b94                __ultoa_invert
 .text.libgcc.mul
                0x0000000000000c50        0x0 /usr/lib/gcc/avr/11.3.0/avr6/libgcc.a(_clear_bss.o)
 .text.libgcc.div
                0x0000000000000c50        0x0 /usr/lib/gcc/avr/11.3.0/avr6/libgcc.a(_clear_bss.o)
 .text.libgcc   0x0000000000000c50        0x0 /usr/lib/gcc/avr/11.3.0/avr6/libgcc.a(_clear_bss.o)
 .text.libgcc.prologue
                0x0000000000000c50        0x0 /usr/lib/gcc/avr/11.3.0/avr6/libgcc.a(_clear_bss.o)
 .text.libgcc.builtins
                0x0000000000000c50        0x0 /usr/lib/gcc/avr/11.3.0/avr6/libgcc.a(_clear_bss.o)
 .text.libgcc.fmul
                0x0000000000000c50        0x0 /usr/lib/gcc/avr/11.3.0/avr6/libgcc.a(_clear_bss.o)
 .text.libgcc.fixed
                0x0000000000000c50        0x0 /usr/lib/gcc/avr/11.3.0/avr6/libgcc.a(_clear_bss.o)
                0x0000000000000c50                . = ALIGN (0x2)
 *(.fini9)
 .fini9         0x0000000000000c50        0x0 /usr/lib/gcc/avr/11.3.0/avr6/libgcc.a(_exit.o)
                0x0000000000000c50                exit
                0x0000000000000c50                _exit
 *(.fini9)
 *(.fini8)
 *(.fini8)
 *(.fini7)
 *(.fini7)
 *(.fini6)
 *(.fini6)
 *(.fini5)
 *(.fini5)
 *(.fini4)
 *(.fini4)
 *(.fini3)
 *(.fini3)
 *(.fini2)
 *(.fini2)
 *(.fini1)
 *(.fini1)
 *(.fini0)
 .fini0         0x0000000000000c50        0x4 /usr/lib/gcc/avr/11.3.0/avr6/libgcc.a(_exit.o)
 *(.fini0)
 *(.hightext)
 *(.hightext*)
 *(.progmemx.*)
                0x0000000000000c54                . = ALIGN (0x2)
 *(.jumptables)
 *(.jumptables*)
                0x0000000000000c54                _etext = .

.data           0x0000000000800200       0xcc load address 0x0000000000000c54
                0x0000000000800200                PROVIDE (__data_start = .)
 *(.data)
 .data          0x0000000000800200        0x0 /usr/lib/gcc/avr/11.3.0/../../../../avr/lib/avr6/crtatmega2560.o
 .data          0x0000000000800200        0x0 delay.o
 .data          0x0000000000800200        0x0 keypad.o
 .data          0x0000000000800200       0x1c main.o
                0x0000000000800200                uart_input
                0x000000000080020e                uart_output
 .data          0x000000000080021c        0x0 megalcd.o
 .data          0x000000000080021c        0x0 /usr/lib/gcc/avr/11.3.0/avr6/libgcc.a(_exit.o)
 .data          0x000000000080021c        0x0 /usr/lib/gcc/avr/11.3.0/avr6/libgcc.a(_copy_data.o)
 .data          0x000000000080021c        0x0 /usr/lib/gcc/avr/11.3.0/../../../../avr/lib/avr6/libc.a(itoa_ncheck.o)
 .data          0x000000000080021c        0x0 /usr/lib/gcc/avr/11.3.0/../../../../avr/lib/avr6/libc.a(utoa_ncheck.o)
 .data          0x000000000080021c        0x0 /usr/lib/gcc/avr/11.3.0/../../../../avr/lib/avr6/libc.a(iob.o)
 .data          0x000000000080021c        0x0 /usr/lib/gcc/avr/11.3.0/../../../../avr/lib/avr6/libc.a(printf.o)
 .data          0x000000000080021c        0x0 /usr/lib/gcc/avr/11.3.0/../../../../avr/lib/avr6/libc.a(putchar.o)
 .data          0x000000000080021c        0x0 /usr/lib/gcc/avr/11.3.0/../../../../avr/lib/avr6/libc.a(puts.o)
 .data          0x000000000080021c        0x0 /usr/lib/gcc/avr/11.3.0/../../../../avr/lib/avr6/libc.a(vfprintf_std.o)
 .data          0x000000000080021c        0x0 /usr/lib/gcc/avr/11.3.0/../../../../avr/lib/avr6/libc.a(strnlen_P.o)
 .data          0x000000000080021c        0x0 /usr/lib/gcc/avr/11.3.0/../../../../avr/lib/avr6/libc.a(strnlen.o)
 .data          0x000000000080021c        0x0 /usr/lib/gcc/avr/11.3.0/../../../../avr/lib/avr6/libc.a(strrev.o)
 .data          0x000000000080021c        0x0 /usr/lib/gcc/avr/11.3.0/../../../../avr/lib/avr6/libc.a(fputc.o)
 .data          0x000000000080021c        0x0 /usr/lib/gcc/avr/11.3.0/../../../../avr/lib/avr6/libc.a(ultoa_invert.o)
 .data          0x000000000080021c        0x0 /usr/lib/gcc/avr/11.3.0/avr6/libgcc.a(_clear_bss.o)
 *(.data*)
 *(.gnu.linkonce.d*)
 *(.rodata)
 .rodata        0x000000000080021c       0x78 keypad.o
 .rodata        0x0000000000800294       0x14 main.o
 *(.rodata*)
 .rodata.str1.1
                0x00000000008002a8       0x24 main.o
 *(.gnu.linkonce.r*)
                0x00000000008002cc                . = ALIGN (0x2)
                0x00000000008002cc                _edata = .
                0x00000000008002cc                PROVIDE (__data_end = .)

.bss            0x00000000008002cc        0x6
                0x00000000008002cc                PROVIDE (__bss_start = .)
 *(.bss)
 .bss           0x00000000008002cc        0x0 /usr/lib/gcc/avr/11.3.0/../../../../avr/lib/avr6/crtatmega2560.o
 .bss           0x00000000008002cc        0x0 delay.o
 .bss           0x00000000008002cc        0x0 keypad.o
 .bss           0x00000000008002cc        0x0 main.o
 .bss           0x00000000008002cc        0x0 megalcd.o
 .bss           0x00000000008002cc        0x0 /usr/lib/gcc/avr/11.3.0/avr6/libgcc.a(_exit.o)
 .bss           0x00000000008002cc        0x0 /usr/lib/gcc/avr/11.3.0/avr6/libgcc.a(_copy_data.o)
 .bss           0x00000000008002cc        0x0 /usr/lib/gcc/avr/11.3.0/../../../../avr/lib/avr6/libc.a(itoa_ncheck.o)
 .bss           0x00000000008002cc        0x0 /usr/lib/gcc/avr/11.3.0/../../../../avr/lib/avr6/libc.a(utoa_ncheck.o)
 .bss           0x00000000008002cc        0x6 /usr/lib/gcc/avr/11.3.0/../../../../avr/lib/avr6/libc.a(iob.o)
                0x00000000008002cc                __iob
 .bss           0x00000000008002d2        0x0 /usr/lib/gcc/avr/11.3.0/../../../../avr/lib/avr6/libc.a(printf.o)
 .bss           0x00000000008002d2        0x0 /usr/lib/gcc/avr/11.3.0/../../../../avr/lib/avr6/libc.a(putchar.o)
 .bss           0x00000000008002d2        0x0 /usr/lib/gcc/avr/11.3.0/../../../../avr/lib/avr6/libc.a(puts.o)
 .bss           0x00000000008002d2        0x0 /usr/lib/gcc/avr/11.3.0/../../../../avr/lib/avr6/libc.a(vfprintf_std.o)
 .bss           0x00000000008002d2        0x0 /usr/lib/gcc/avr/11.3.0/../../../../avr/lib/avr6/libc.a(strnlen_P.o)
 .bss           0x00000000008002d2        0x0 /usr/lib/gcc/avr/11.3.0/../../../../avr/lib/avr6/libc.a(strnlen.o)
 .bss           0x00000000008002d2        0x0 /usr/lib/gcc/avr/11.3.0/../../../../avr/lib/avr6/libc.a(strrev.o)
 .bss           0x00000000008002d2        0x0 /usr/lib/gcc/avr/11.3.0/../../../../avr/lib/avr6/libc.a(fputc.o)
 .bss           0x00000000008002d2        0x0 /usr/lib/gcc/avr/11.3.0/../../../../avr/lib/avr6/libc.a(ultoa_invert.o)
 .bss           0x00000000008002d2        0x0 /usr/lib/gcc/avr/11.3.0/avr6/libgcc.a(_clear_bss.o)
 *(.bss*)
 *(COMMON)
                0x00000000008002d2                PROVIDE (__bss_end = .)
                0x0000000000000c54                __data_load_start = LOADADDR (.data)
                0x0000000000000d20                __data_load_end = (__data_load_start + SIZEOF (.data))

.noinit         0x00000000008002d2        0x0
                [!provide]                        PROVIDE (__noinit_start = .)
 *(.noinit .noinit.* .gnu.linkonce.n.*)
                [!provide]                        PROVIDE (__noinit_end = .)
                0x00000000008002d2                _end = .
                [!provide]                        PROVIDE (__heap_start = .)

.eeprom         0x0000000000810000        0x0
 *(.eeprom*)
                0x0000000000810000                __eeprom_end = .

.fuse
 *(.fuse)
 *(.lfuse)
 *(.hfuse)
 *(.efuse)

.lock
 *(.lock*)

.signature
 *(.signature*)

.stab           0x0000000000000000     0x1488
 *(.stab)
 .stab          0x0000000000000000      0x114 delay.o
 .stab          0x0000000000000114      0x36c keypad.o
                                        0x3a8 (size before relaxing)
 .stab          0x0000000000000480      0x540 main.o
                                        0x588 (size before relaxing)
 .stab          0x00000000000009c0      0xac8 megalcd.o
                                        0xad4 (size before relaxing)

.stabstr        0x0000000000000000      0x677
 *(.stabstr)
 .stabstr       0x0000000000000000      0x677 delay.o

.stab.excl
 *(.stab.excl)

.stab.exclstr
 *(.stab.exclstr)

.stab.index
 *(.stab.index)

.stab.indexstr
 *(.stab.indexstr)

.comment        0x0000000000000000       0x24
 *(.comment)
 .comment       0x0000000000000000       0x12 delay.o
                                         0x13 (size before relaxing)
 .comment       0x0000000000000012       0x13 keypad.o
 .comment       0x0000000000000012       0x13 main.o
 .comment       0x0000000000000012       0x13 megalcd.o
 .comment       0x0000000000000012       0x12 /usr/lib/gcc/avr/11.3.0/../../../../avr/lib/avr6/libc.a(iob.o)
                                         0x13 (size before relaxing)
 .comment       0x0000000000000024       0x13 /usr/lib/gcc/avr/11.3.0/../../../../avr/lib/avr6/libc.a(printf.o)
 .comment       0x0000000000000024       0x13 /usr/lib/gcc/avr/11.3.0/../../../../avr/lib/avr6/libc.a(putchar.o)
 .comment       0x0000000000000024       0x13 /usr/lib/gcc/avr/11.3.0/../../../../avr/lib/avr6/libc.a(puts.o)
 .comment       0x0000000000000024       0x13 /usr/lib/gcc/avr/11.3.0/../../../../avr/lib/avr6/libc.a(vfprintf_std.o)
 .comment       0x0000000000000024       0x13 /usr/lib/gcc/avr/11.3.0/../../../../avr/lib/avr6/libc.a(fputc.o)

.note.gnu.avr.deviceinfo
                0x0000000000000000       0x40
 .note.gnu.avr.deviceinfo
                0x0000000000000000       0x40 /usr/lib/gcc/avr/11.3.0/../../../../avr/lib/avr6/crtatmega2560.o

.note.gnu.build-id
 *(.note.gnu.build-id)

.debug
 *(.debug)

.line
 *(.line)

.debug_srcinfo
 *(.debug_srcinfo)

.debug_sfnames
 *(.debug_sfnames)

.debug_aranges
 *(.debug_aranges)

.debug_pubnames
 *(.debug_pubnames)

.debug_info     0x0000000000000000      0xbbc
 *(.debug_info .gnu.linkonce.wi.*)
 .debug_info    0x0000000000000000      0xbbc /usr/lib/gcc/avr/11.3.0/../../../../avr/lib/avr6/crtatmega2560.o

.debug_abbrev   0x0000000000000000      0xb1a
 *(.debug_abbrev)
 .debug_abbrev  0x0000000000000000      0xb1a /usr/lib/gcc/avr/11.3.0/../../../../avr/lib/avr6/crtatmega2560.o

.debug_line     0x0000000000000000       0x1d
 *(.debug_line .debug_line.* .debug_line_end)
 .debug_line    0x0000000000000000       0x1d /usr/lib/gcc/avr/11.3.0/../../../../avr/lib/avr6/crtatmega2560.o

.debug_frame
 *(.debug_frame)

.debug_str      0x0000000000000000      0x3e6
 *(.debug_str)
 .debug_str     0x0000000000000000      0x3e6 /usr/lib/gcc/avr/11.3.0/../../../../avr/lib/avr6/crtatmega2560.o

.debug_loc
 *(.debug_loc)

.debug_macinfo
 *(.debug_macinfo)

.debug_weaknames
 *(.debug_weaknames)

.debug_funcnames
 *(.debug_funcnames)

.debug_typenames
 *(.debug_typenames)

.debug_varnames
 *(.debug_varnames)

.debug_pubtypes
 *(.debug_pubtypes)

.debug_ranges
 *(.debug_ranges)

.debug_addr
 *(.debug_addr)

.debug_line_str
 *(.debug_line_str)

.debug_loclists
 *(.debug_loclists)

.debug_macro
 *(.debug_macro)

.debug_names
 *(.debug_names)

.debug_rnglists
 *(.debug_rnglists)

.debug_str_offsets
 *(.debug_str_offsets)

.debug_sup
 *(.debug_sup)
OUTPUT(main.out elf32-avr)
LOAD linker stubs
