Archive member included to satisfy reference by file (symbol)

/usr/lib/gcc/avr/11.3.0/avr6/libgcc.a(_exit.o)
                              /usr/lib/gcc/avr/11.3.0/../../../../avr/lib/avr6/crtatmega2560.o (exit)
/usr/lib/gcc/avr/11.3.0/avr6/libgcc.a(_copy_data.o)
                              keypad.o (__do_copy_data)
/usr/lib/gcc/avr/11.3.0/../../../../avr/lib/avr6/libc.a(itoa.o)
                              main.o (itoa)
/usr/lib/gcc/avr/11.3.0/../../../../avr/lib/avr6/libc.a(itoa_ncheck.o)
                              /usr/lib/gcc/avr/11.3.0/../../../../avr/lib/avr6/libc.a(itoa.o) (__itoa_ncheck)
/usr/lib/gcc/avr/11.3.0/../../../../avr/lib/avr6/libc.a(utoa_ncheck.o)
                              /usr/lib/gcc/avr/11.3.0/../../../../avr/lib/avr6/libc.a(itoa_ncheck.o) (__utoa_common)
/usr/lib/gcc/avr/11.3.0/../../../../avr/lib/avr6/libc.a(strrev.o)
                              /usr/lib/gcc/avr/11.3.0/../../../../avr/lib/avr6/libc.a(utoa_ncheck.o) (strrev)

Memory Configuration

Name             Origin             Length             Attributes
text             0x0000000000000000 0x0000000000100000 xr
data             0x0000000000800200 0x000000000000fe00 rw !x
eeprom           0x0000000000810000 0x0000000000010000 rw !x
fuse             0x0000000000820000 0x0000000000000003 rw !x
lock             0x0000000000830000 0x0000000000000400 rw !x
signature        0x0000000000840000 0x0000000000000400 rw !x
user_signatures  0x0000000000850000 0x0000000000000400 rw !x
*default*        0x0000000000000000 0xffffffffffffffff

Linker script and memory map

Address of section .data set to 0x800200
LOAD /usr/lib/gcc/avr/11.3.0/../../../../avr/lib/avr6/crtatmega2560.o
LOAD delay.o
LOAD keypad.o
LOAD main.o
LOAD megalcd.o
START GROUP
LOAD /usr/lib/gcc/avr/11.3.0/avr6/libgcc.a
LOAD /usr/lib/gcc/avr/11.3.0/../../../../avr/lib/avr6/libm.a
LOAD /usr/lib/gcc/avr/11.3.0/../../../../avr/lib/avr6/libc.a
LOAD /usr/lib/gcc/avr/11.3.0/../../../../avr/lib/avr6/libatmega2560.a
END GROUP
                0x0000000000100000                __TEXT_REGION_LENGTH__ = DEFINED (__TEXT_REGION_LENGTH__)?__TEXT_REGION_LENGTH__:0x100000
                0x000000000000fe00                __DATA_REGION_LENGTH__ = DEFINED (__DATA_REGION_LENGTH__)?__DATA_REGION_LENGTH__:0xfe00
                0x0000000000010000                __EEPROM_REGION_LENGTH__ = DEFINED (__EEPROM_REGION_LENGTH__)?__EEPROM_REGION_LENGTH__:0x10000
                [0x0000000000000003]                __FUSE_REGION_LENGTH__ = DEFINED (__FUSE_REGION_LENGTH__)?__FUSE_REGION_LENGTH__:0x400
                0x0000000000000400                __LOCK_REGION_LENGTH__ = DEFINED (__LOCK_REGION_LENGTH__)?__LOCK_REGION_LENGTH__:0x400
                0x0000000000000400                __SIGNATURE_REGION_LENGTH__ = DEFINED (__SIGNATURE_REGION_LENGTH__)?__SIGNATURE_REGION_LENGTH__:0x400
                0x0000000000000400                __USER_SIGNATURE_REGION_LENGTH__ = DEFINED (__USER_SIGNATURE_REGION_LENGTH__)?__USER_SIGNATURE_REGION_LENGTH__:0x400

.hash
 *(.hash)

.dynsym
 *(.dynsym)

.dynstr
 *(.dynstr)

.gnu.version
 *(.gnu.version)

.gnu.version_d
 *(.gnu.version_d)

.gnu.version_r
 *(.gnu.version_r)

.rel.init
 *(.rel.init)

.rela.init
 *(.rela.init)

.rel.text
 *(.rel.text)
 *(.rel.text.*)
 *(.rel.gnu.linkonce.t*)

.rela.text
 *(.rela.text)
 *(.rela.text.*)
 *(.rela.gnu.linkonce.t*)

.rel.fini
 *(.rel.fini)

.rela.fini
 *(.rela.fini)

.rel.rodata
 *(.rel.rodata)
 *(.rel.rodata.*)
 *(.rel.gnu.linkonce.r*)

.rela.rodata
 *(.rela.rodata)
 *(.rela.rodata.*)
 *(.rela.gnu.linkonce.r*)

.rel.data
 *(.rel.data)
 *(.rel.data.*)
 *(.rel.gnu.linkonce.d*)

.rela.data
 *(.rela.data)
 *(.rela.data.*)
 *(.rela.gnu.linkonce.d*)

.rel.ctors
 *(.rel.ctors)

.rela.ctors
 *(.rela.ctors)

.rel.dtors
 *(.rel.dtors)

.rela.dtors
 *(.rela.dtors)

.rel.got
 *(.rel.got)

.rela.got
 *(.rela.got)

.rel.bss
 *(.rel.bss)

.rela.bss
 *(.rela.bss)

.rel.plt
 *(.rel.plt)

.rela.plt
 *(.rela.plt)

.text           0x0000000000000000      0x5a8
 *(.vectors)
 .vectors       0x0000000000000000       0xe4 /usr/lib/gcc/avr/11.3.0/../../../../avr/lib/avr6/crtatmega2560.o
                0x0000000000000000                __vectors
                0x0000000000000000                __vector_default
 *(.vectors)
 *(.progmem.gcc*)
                0x00000000000000e4                . = ALIGN (0x2)
                0x00000000000000e4                __trampolines_start = .
 *(.trampolines)
 .trampolines   0x00000000000000e4        0x0 linker stubs
 *(.trampolines*)
                0x00000000000000e4                __trampolines_end = .
 *libprintf_flt.a:*(.progmem.data)
 *libc.a:*(.progmem.data)
 *(.progmem.*)
                0x00000000000000e4                . = ALIGN (0x2)
 *(.lowtext)
 *(.lowtext*)
                0x00000000000000e4                __ctors_start = .
 *(.ctors)
                0x00000000000000e4                __ctors_end = .
                0x00000000000000e4                __dtors_start = .
 *(.dtors)
                0x00000000000000e4                __dtors_end = .
 SORT_BY_NAME(*)(.ctors)
 SORT_BY_NAME(*)(.dtors)
 *(.init0)
 .init0         0x00000000000000e4        0x0 /usr/lib/gcc/avr/11.3.0/../../../../avr/lib/avr6/crtatmega2560.o
                0x00000000000000e4                __init
 *(.init0)
 *(.init1)
 *(.init1)
 *(.init2)
 .init2         0x00000000000000e4       0x10 /usr/lib/gcc/avr/11.3.0/../../../../avr/lib/avr6/crtatmega2560.o
 *(.init2)
 *(.init3)
 *(.init3)
 *(.init4)
 .init4         0x00000000000000f4       0x1a /usr/lib/gcc/avr/11.3.0/avr6/libgcc.a(_copy_data.o)
                0x00000000000000f4                __do_copy_data
 *(.init4)
 *(.init5)
 *(.init5)
 *(.init6)
 *(.init6)
 *(.init7)
 *(.init7)
 *(.init8)
 *(.init8)
 *(.init9)
 .init9         0x000000000000010e        0x8 /usr/lib/gcc/avr/11.3.0/../../../../avr/lib/avr6/crtatmega2560.o
 *(.init9)
 *(.text)
 .text          0x0000000000000116        0x4 /usr/lib/gcc/avr/11.3.0/../../../../avr/lib/avr6/crtatmega2560.o
                0x0000000000000116                __vector_38
                0x0000000000000116                __vector_22
                0x0000000000000116                __vector_28
                0x0000000000000116                __vector_1
                0x0000000000000116                __vector_32
                0x0000000000000116                __vector_34
                0x0000000000000116                __vector_24
                0x0000000000000116                __vector_12
                0x0000000000000116                __vector_55
                0x0000000000000116                __vector_46
                0x0000000000000116                __bad_interrupt
                0x0000000000000116                __vector_6
                0x0000000000000116                __vector_31
                0x0000000000000116                __vector_35
                0x0000000000000116                __vector_39
                0x0000000000000116                __vector_3
                0x0000000000000116                __vector_23
                0x0000000000000116                __vector_30
                0x0000000000000116                __vector_45
                0x0000000000000116                __vector_25
                0x0000000000000116                __vector_11
                0x0000000000000116                __vector_54
                0x0000000000000116                __vector_13
                0x0000000000000116                __vector_17
                0x0000000000000116                __vector_19
                0x0000000000000116                __vector_56
                0x0000000000000116                __vector_7
                0x0000000000000116                __vector_49
                0x0000000000000116                __vector_41
                0x0000000000000116                __vector_43
                0x0000000000000116                __vector_27
                0x0000000000000116                __vector_5
                0x0000000000000116                __vector_33
                0x0000000000000116                __vector_47
                0x0000000000000116                __vector_52
                0x0000000000000116                __vector_37
                0x0000000000000116                __vector_4
                0x0000000000000116                __vector_44
                0x0000000000000116                __vector_51
                0x0000000000000116                __vector_9
                0x0000000000000116                __vector_2
                0x0000000000000116                __vector_21
                0x0000000000000116                __vector_15
                0x0000000000000116                __vector_36
                0x0000000000000116                __vector_29
                0x0000000000000116                __vector_40
                0x0000000000000116                __vector_8
                0x0000000000000116                __vector_26
                0x0000000000000116                __vector_48
                0x0000000000000116                __vector_14
                0x0000000000000116                __vector_53
                0x0000000000000116                __vector_10
                0x0000000000000116                __vector_50
                0x0000000000000116                __vector_16
                0x0000000000000116                __vector_18
                0x0000000000000116                __vector_20
                0x0000000000000116                __vector_42
 .text          0x000000000000011a       0x22 delay.o
                0x000000000000011a                DELAY_sec
 .text          0x000000000000013c       0xb2 keypad.o
                0x000000000000013c                KEYPAD_Init
                0x0000000000000144                KEYPAD_WaitForKeyRelease
                0x0000000000000170                KEYPAD_WaitForKeyPress
                0x000000000000019c                KEYPAD_GetKey
 .text          0x00000000000001ee       0xb0 main.o
                0x00000000000001ee                testLCD
                0x0000000000000262                blink
                0x000000000000028c                setup
 .text          0x000000000000029e      0x250 megalcd.o
                0x00000000000003b8                lcd_command
                0x00000000000003ca                lcd_data
                0x00000000000003dc                lcd_gotoxy
                0x00000000000003ea                lcd_getxy
                0x00000000000003f2                lcd_clrscr
                0x00000000000003f8                lcd_home
                0x00000000000003fe                lcd_putc
                0x000000000000042e                lcd_puts
                0x0000000000000448                lcd_puts_p
                0x0000000000000464                lcd_init
 .text          0x00000000000004ee        0x0 /usr/lib/gcc/avr/11.3.0/avr6/libgcc.a(_exit.o)
 .text          0x00000000000004ee        0x0 /usr/lib/gcc/avr/11.3.0/avr6/libgcc.a(_copy_data.o)
 .text          0x00000000000004ee        0x0 /usr/lib/gcc/avr/11.3.0/../../../../avr/lib/avr6/libc.a(itoa.o)
 .text          0x00000000000004ee        0x0 /usr/lib/gcc/avr/11.3.0/../../../../avr/lib/avr6/libc.a(itoa_ncheck.o)
 .text          0x00000000000004ee        0x0 /usr/lib/gcc/avr/11.3.0/../../../../avr/lib/avr6/libc.a(utoa_ncheck.o)
 .text          0x00000000000004ee        0x0 /usr/lib/gcc/avr/11.3.0/../../../../avr/lib/avr6/libc.a(strrev.o)
                0x00000000000004ee                . = ALIGN (0x2)
 *(.text.*)
 .text.startup  0x00000000000004ee       0x36 main.o
                0x00000000000004ee                main
 .text.libgcc.mul
                0x0000000000000524        0x0 /usr/lib/gcc/avr/11.3.0/avr6/libgcc.a(_exit.o)
 .text.libgcc.div
                0x0000000000000524        0x0 /usr/lib/gcc/avr/11.3.0/avr6/libgcc.a(_exit.o)
 .text.libgcc   0x0000000000000524        0x0 /usr/lib/gcc/avr/11.3.0/avr6/libgcc.a(_exit.o)
 .text.libgcc.prologue
                0x0000000000000524        0x0 /usr/lib/gcc/avr/11.3.0/avr6/libgcc.a(_exit.o)
 .text.libgcc.builtins
                0x0000000000000524        0x0 /usr/lib/gcc/avr/11.3.0/avr6/libgcc.a(_exit.o)
 .text.libgcc.fmul
                0x0000000000000524        0x0 /usr/lib/gcc/avr/11.3.0/avr6/libgcc.a(_exit.o)
 .text.libgcc.fixed
                0x0000000000000524        0x0 /usr/lib/gcc/avr/11.3.0/avr6/libgcc.a(_exit.o)
 .text.libgcc.mul
                0x0000000000000524        0x0 /usr/lib/gcc/avr/11.3.0/avr6/libgcc.a(_copy_data.o)
 .text.libgcc.div
                0x0000000000000524        0x0 /usr/lib/gcc/avr/11.3.0/avr6/libgcc.a(_copy_data.o)
 .text.libgcc   0x0000000000000524        0x0 /usr/lib/gcc/avr/11.3.0/avr6/libgcc.a(_copy_data.o)
 .text.libgcc.prologue
                0x0000000000000524        0x0 /usr/lib/gcc/avr/11.3.0/avr6/libgcc.a(_copy_data.o)
 .text.libgcc.builtins
                0x0000000000000524        0x0 /usr/lib/gcc/avr/11.3.0/avr6/libgcc.a(_copy_data.o)
 .text.libgcc.fmul
                0x0000000000000524        0x0 /usr/lib/gcc/avr/11.3.0/avr6/libgcc.a(_copy_data.o)
 .text.libgcc.fixed
                0x0000000000000524        0x0 /usr/lib/gcc/avr/11.3.0/avr6/libgcc.a(_copy_data.o)
 .text.avr-libc
                0x0000000000000524       0x16 /usr/lib/gcc/avr/11.3.0/../../../../avr/lib/avr6/libc.a(itoa.o)
                0x0000000000000524                itoa
                0x0000000000000524                __itoa
 .text.avr-libc
                0x000000000000053a       0x16 /usr/lib/gcc/avr/11.3.0/../../../../avr/lib/avr6/libc.a(itoa_ncheck.o)
                0x000000000000053a                __itoa_ncheck
 .text.avr-libc
                0x0000000000000550       0x34 /usr/lib/gcc/avr/11.3.0/../../../../avr/lib/avr6/libc.a(utoa_ncheck.o)
                0x0000000000000550                __utoa_ncheck
                0x0000000000000552                __utoa_common
 .text.avr-libc
                0x0000000000000584       0x20 /usr/lib/gcc/avr/11.3.0/../../../../avr/lib/avr6/libc.a(strrev.o)
                0x0000000000000584                strrev
                0x00000000000005a4                . = ALIGN (0x2)
 *(.fini9)
 .fini9         0x00000000000005a4        0x0 /usr/lib/gcc/avr/11.3.0/avr6/libgcc.a(_exit.o)
                0x00000000000005a4                exit
                0x00000000000005a4                _exit
 *(.fini9)
 *(.fini8)
 *(.fini8)
 *(.fini7)
 *(.fini7)
 *(.fini6)
 *(.fini6)
 *(.fini5)
 *(.fini5)
 *(.fini4)
 *(.fini4)
 *(.fini3)
 *(.fini3)
 *(.fini2)
 *(.fini2)
 *(.fini1)
 *(.fini1)
 *(.fini0)
 .fini0         0x00000000000005a4        0x4 /usr/lib/gcc/avr/11.3.0/avr6/libgcc.a(_exit.o)
 *(.fini0)
 *(.hightext)
 *(.hightext*)
 *(.progmemx.*)
                0x00000000000005a8                . = ALIGN (0x2)
 *(.jumptables)
 *(.jumptables*)
                0x00000000000005a8                _etext = .

.data           0x0000000000800200       0x86 load address 0x00000000000005a8
                0x0000000000800200                PROVIDE (__data_start = .)
 *(.data)
 .data          0x0000000000800200        0x0 /usr/lib/gcc/avr/11.3.0/../../../../avr/lib/avr6/crtatmega2560.o
 .data          0x0000000000800200        0x0 delay.o
 .data          0x0000000000800200        0x0 keypad.o
 .data          0x0000000000800200        0x0 main.o
 .data          0x0000000000800200        0x0 megalcd.o
 .data          0x0000000000800200        0x0 /usr/lib/gcc/avr/11.3.0/avr6/libgcc.a(_exit.o)
 .data          0x0000000000800200        0x0 /usr/lib/gcc/avr/11.3.0/avr6/libgcc.a(_copy_data.o)
 .data          0x0000000000800200        0x0 /usr/lib/gcc/avr/11.3.0/../../../../avr/lib/avr6/libc.a(itoa.o)
 .data          0x0000000000800200        0x0 /usr/lib/gcc/avr/11.3.0/../../../../avr/lib/avr6/libc.a(itoa_ncheck.o)
 .data          0x0000000000800200        0x0 /usr/lib/gcc/avr/11.3.0/../../../../avr/lib/avr6/libc.a(utoa_ncheck.o)
 .data          0x0000000000800200        0x0 /usr/lib/gcc/avr/11.3.0/../../../../avr/lib/avr6/libc.a(strrev.o)
 *(.data*)
 *(.gnu.linkonce.d*)
 *(.rodata)
 .rodata        0x0000000000800200       0x78 keypad.o
 *(.rodata*)
 .rodata.str1.1
                0x0000000000800278        0xd main.o
 *(.gnu.linkonce.r*)
                0x0000000000800286                . = ALIGN (0x2)
 *fill*         0x0000000000800285        0x1 
                0x0000000000800286                _edata = .
                0x0000000000800286                PROVIDE (__data_end = .)

.bss            0x0000000000800286        0x0
                [!provide]                        PROVIDE (__bss_start = .)
 *(.bss)
 .bss           0x0000000000800286        0x0 /usr/lib/gcc/avr/11.3.0/../../../../avr/lib/avr6/crtatmega2560.o
 .bss           0x0000000000800286        0x0 delay.o
 .bss           0x0000000000800286        0x0 keypad.o
 .bss           0x0000000000800286        0x0 main.o
 .bss           0x0000000000800286        0x0 megalcd.o
 .bss           0x0000000000800286        0x0 /usr/lib/gcc/avr/11.3.0/avr6/libgcc.a(_exit.o)
 .bss           0x0000000000800286        0x0 /usr/lib/gcc/avr/11.3.0/avr6/libgcc.a(_copy_data.o)
 .bss           0x0000000000800286        0x0 /usr/lib/gcc/avr/11.3.0/../../../../avr/lib/avr6/libc.a(itoa.o)
 .bss           0x0000000000800286        0x0 /usr/lib/gcc/avr/11.3.0/../../../../avr/lib/avr6/libc.a(itoa_ncheck.o)
 .bss           0x0000000000800286        0x0 /usr/lib/gcc/avr/11.3.0/../../../../avr/lib/avr6/libc.a(utoa_ncheck.o)
 .bss           0x0000000000800286        0x0 /usr/lib/gcc/avr/11.3.0/../../../../avr/lib/avr6/libc.a(strrev.o)
 *(.bss*)
 *(COMMON)
                [!provide]                        PROVIDE (__bss_end = .)
                0x00000000000005a8                __data_load_start = LOADADDR (.data)
                0x000000000000062e                __data_load_end = (__data_load_start + SIZEOF (.data))

.noinit         0x0000000000800286        0x0
                [!provide]                        PROVIDE (__noinit_start = .)
 *(.noinit .noinit.* .gnu.linkonce.n.*)
                [!provide]                        PROVIDE (__noinit_end = .)
                0x0000000000800286                _end = .
                [!provide]                        PROVIDE (__heap_start = .)

.eeprom         0x0000000000810000        0x0
 *(.eeprom*)
                0x0000000000810000                __eeprom_end = .

.fuse
 *(.fuse)
 *(.lfuse)
 *(.hfuse)
 *(.efuse)

.lock
 *(.lock*)

.signature
 *(.signature*)

.stab           0x0000000000000000     0x120c
 *(.stab)
 .stab          0x0000000000000000      0x114 delay.o
 .stab          0x0000000000000114      0x36c keypad.o
                                        0x3a8 (size before relaxing)
 .stab          0x0000000000000480      0x2c4 main.o
                                        0x30c (size before relaxing)
 .stab          0x0000000000000744      0xac8 megalcd.o
                                        0xad4 (size before relaxing)

.stabstr        0x0000000000000000      0x4f1
 *(.stabstr)
 .stabstr       0x0000000000000000      0x4f1 delay.o

.stab.excl
 *(.stab.excl)

.stab.exclstr
 *(.stab.exclstr)

.stab.index
 *(.stab.index)

.stab.indexstr
 *(.stab.indexstr)

.comment        0x0000000000000000       0x12
 *(.comment)
 .comment       0x0000000000000000       0x12 delay.o
                                         0x13 (size before relaxing)
 .comment       0x0000000000000012       0x13 keypad.o
 .comment       0x0000000000000012       0x13 main.o
 .comment       0x0000000000000012       0x13 megalcd.o

.note.gnu.avr.deviceinfo
                0x0000000000000000       0x40
 .note.gnu.avr.deviceinfo
                0x0000000000000000       0x40 /usr/lib/gcc/avr/11.3.0/../../../../avr/lib/avr6/crtatmega2560.o

.note.gnu.build-id
 *(.note.gnu.build-id)

.debug
 *(.debug)

.line
 *(.line)

.debug_srcinfo
 *(.debug_srcinfo)

.debug_sfnames
 *(.debug_sfnames)

.debug_aranges
 *(.debug_aranges)

.debug_pubnames
 *(.debug_pubnames)

.debug_info     0x0000000000000000      0xbbc
 *(.debug_info .gnu.linkonce.wi.*)
 .debug_info    0x0000000000000000      0xbbc /usr/lib/gcc/avr/11.3.0/../../../../avr/lib/avr6/crtatmega2560.o

.debug_abbrev   0x0000000000000000      0xb1a
 *(.debug_abbrev)
 .debug_abbrev  0x0000000000000000      0xb1a /usr/lib/gcc/avr/11.3.0/../../../../avr/lib/avr6/crtatmega2560.o

.debug_line     0x0000000000000000       0x1d
 *(.debug_line .debug_line.* .debug_line_end)
 .debug_line    0x0000000000000000       0x1d /usr/lib/gcc/avr/11.3.0/../../../../avr/lib/avr6/crtatmega2560.o

.debug_frame
 *(.debug_frame)

.debug_str      0x0000000000000000      0x3e6
 *(.debug_str)
 .debug_str     0x0000000000000000      0x3e6 /usr/lib/gcc/avr/11.3.0/../../../../avr/lib/avr6/crtatmega2560.o

.debug_loc
 *(.debug_loc)

.debug_macinfo
 *(.debug_macinfo)

.debug_weaknames
 *(.debug_weaknames)

.debug_funcnames
 *(.debug_funcnames)

.debug_typenames
 *(.debug_typenames)

.debug_varnames
 *(.debug_varnames)

.debug_pubtypes
 *(.debug_pubtypes)

.debug_ranges
 *(.debug_ranges)

.debug_addr
 *(.debug_addr)

.debug_line_str
 *(.debug_line_str)

.debug_loclists
 *(.debug_loclists)

.debug_macro
 *(.debug_macro)

.debug_names
 *(.debug_names)

.debug_rnglists
 *(.debug_rnglists)

.debug_str_offsets
 *(.debug_str_offsets)

.debug_sup
 *(.debug_sup)
OUTPUT(main.out elf32-avr)
LOAD linker stubs
